2026-01-20 21:02:47,269 - CustomLogger - INFO - 26017期共58场比赛,本次新增58场，更新胜平负赔率58场
2026-01-20 21:36:38,389 - CustomLogger - ERROR - Error in get_spf:Traceback (most recent call last):
  File "E:\my_prog\zqgetdata\.venv\Lib\site-packages\pymysql\connections.py", line 806, in _write_bytes
    self._sock.sendall(data)
    ~~~~~~~~~~~~~~~~~~^^^^^^
ConnectionAbortedError: [WinError 10053] 你的主机中的软件中止了一个已建立的连接。

During handling of the above exception, another exception occurred:

Traceback (most recent call last):
  File "E:\my_prog\zqgetdata\.venv\Lib\site-packages\sqlalchemy\engine\base.py", line 1967, in _exec_single_context
    self.dialect.do_execute(
    ~~~~~~~~~~~~~~~~~~~~~~~^
        cursor, str_statement, effective_parameters, context
        ^^^^^^^^^^^^^^^^^^^^^^^^^^^^^^^^^^^^^^^^^^^^^^^^^^^^
    )
    ^
  File "E:\my_prog\zqgetdata\.venv\Lib\site-packages\sqlalchemy\engine\default.py", line 952, in do_execute
    cursor.execute(statement, parameters)
    ~~~~~~~~~~~~~~^^^^^^^^^^^^^^^^^^^^^^^
  File "E:\my_prog\zqgetdata\.venv\Lib\site-packages\pymysql\cursors.py", line 153, in execute
    result = self._query(query)
  File "E:\my_prog\zqgetdata\.venv\Lib\site-packages\pymysql\cursors.py", line 322, in _query
    conn.query(q)
    ~~~~~~~~~~^^^
  File "E:\my_prog\zqgetdata\.venv\Lib\site-packages\pymysql\connections.py", line 562, in query
    self._execute_command(COMMAND.COM_QUERY, sql)
    ~~~~~~~~~~~~~~~~~~~~~^^^^^^^^^^^^^^^^^^^^^^^^
  File "E:\my_prog\zqgetdata\.venv\Lib\site-packages\pymysql\connections.py", line 864, in _execute_command
    self._write_bytes(packet)
    ~~~~~~~~~~~~~~~~~^^^^^^^^
  File "E:\my_prog\zqgetdata\.venv\Lib\site-packages\pymysql\connections.py", line 809, in _write_bytes
    raise err.OperationalError(
        CR.CR_SERVER_GONE_ERROR, f"MySQL server has gone away ({e!r})"
    )
pymysql.err.OperationalError: (2006, "MySQL server has gone away (ConnectionAbortedError(10053, '你的主机中的软件中止了一个已建立的连接。', None, 10053, None))")

The above exception was the direct cause of the following exception:

Traceback (most recent call last):
  File "E:\my_prog\zqgetdata\app\bjdc\spider_data.py", line 337, in _get_spf
    if football.pl is None:
       ^^^^^^^^^^^
  File "E:\my_prog\zqgetdata\.venv\Lib\site-packages\sqlalchemy\orm\attributes.py", line 569, in __get__
    return self.impl.get(state, dict_)  # type: ignore[no-any-return]
           ~~~~~~~~~~~~~^^^^^^^^^^^^^^
  File "E:\my_prog\zqgetdata\.venv\Lib\site-packages\sqlalchemy\orm\attributes.py", line 1096, in get
    value = self._fire_loader_callables(state, key, passive)
  File "E:\my_prog\zqgetdata\.venv\Lib\site-packages\sqlalchemy\orm\attributes.py", line 1131, in _fire_loader_callables
    return self.callable_(state, passive)
           ~~~~~~~~~~~~~~^^^^^^^^^^^^^^^^
  File "E:\my_prog\zqgetdata\.venv\Lib\site-packages\sqlalchemy\orm\strategies.py", line 978, in _load_for_state
    return self._emit_lazyload(
           ~~~~~~~~~~~~~~~~~~~^
        session,
        ^^^^^^^^
    ...<7 lines>...
        execution_options,
        ^^^^^^^^^^^^^^^^^^
    )
    ^
  File "E:\my_prog\zqgetdata\.venv\Lib\site-packages\sqlalchemy\orm\strategies.py", line 1141, in _emit_lazyload
    result = session.execute(
        stmt, params, execution_options=execution_options
    )
  File "E:\my_prog\zqgetdata\.venv\Lib\site-packages\sqlalchemy\orm\session.py", line 2351, in execute
    return self._execute_internal(
           ~~~~~~~~~~~~~~~~~~~~~~^
        statement,
        ^^^^^^^^^^
    ...<4 lines>...
        _add_event=_add_event,
        ^^^^^^^^^^^^^^^^^^^^^^
    )
    ^
  File "E:\my_prog\zqgetdata\.venv\Lib\site-packages\sqlalchemy\orm\session.py", line 2249, in _execute_internal
    result: Result[Any] = compile_state_cls.orm_execute_statement(
                          ~~~~~~~~~~~~~~~~~~~~~~~~~~~~~~~~~~~~~~~^
        self,
        ^^^^^
    ...<4 lines>...
        conn,
        ^^^^^
    )
    ^
  File "E:\my_prog\zqgetdata\.venv\Lib\site-packages\sqlalchemy\orm\context.py", line 306, in orm_execute_statement
    result = conn.execute(
        statement, params or {}, execution_options=execution_options
    )
  File "E:\my_prog\zqgetdata\.venv\Lib\site-packages\sqlalchemy\engine\base.py", line 1419, in execute
    return meth(
        self,
        distilled_parameters,
        execution_options or NO_OPTIONS,
    )
  File "E:\my_prog\zqgetdata\.venv\Lib\site-packages\sqlalchemy\sql\elements.py", line 527, in _execute_on_connection
    return connection._execute_clauseelement(
           ~~~~~~~~~~~~~~~~~~~~~~~~~~~~~~~~~^
        self, distilled_params, execution_options
        ^^^^^^^^^^^^^^^^^^^^^^^^^^^^^^^^^^^^^^^^^
    )
    ^
  File "E:\my_prog\zqgetdata\.venv\Lib\site-packages\sqlalchemy\engine\base.py", line 1641, in _execute_clauseelement
    ret = self._execute_context(
        dialect,
    ...<8 lines>...
        cache_hit=cache_hit,
    )
  File "E:\my_prog\zqgetdata\.venv\Lib\site-packages\sqlalchemy\engine\base.py", line 1846, in _execute_context
    return self._exec_single_context(
           ~~~~~~~~~~~~~~~~~~~~~~~~~^
        dialect, context, statement, parameters
        ^^^^^^^^^^^^^^^^^^^^^^^^^^^^^^^^^^^^^^^
    )
    ^
  File "E:\my_prog\zqgetdata\.venv\Lib\site-packages\sqlalchemy\engine\base.py", line 1986, in _exec_single_context
    self._handle_dbapi_exception(
    ~~~~~~~~~~~~~~~~~~~~~~~~~~~~^
        e, str_statement, effective_parameters, cursor, context
        ^^^^^^^^^^^^^^^^^^^^^^^^^^^^^^^^^^^^^^^^^^^^^^^^^^^^^^^
    )
    ^
  File "E:\my_prog\zqgetdata\.venv\Lib\site-packages\sqlalchemy\engine\base.py", line 2363, in _handle_dbapi_exception
    raise sqlalchemy_exception.with_traceback(exc_info[2]) from e
  File "E:\my_prog\zqgetdata\.venv\Lib\site-packages\sqlalchemy\engine\base.py", line 1967, in _exec_single_context
    self.dialect.do_execute(
    ~~~~~~~~~~~~~~~~~~~~~~~^
        cursor, str_statement, effective_parameters, context
        ^^^^^^^^^^^^^^^^^^^^^^^^^^^^^^^^^^^^^^^^^^^^^^^^^^^^
    )
    ^
  File "E:\my_prog\zqgetdata\.venv\Lib\site-packages\sqlalchemy\engine\default.py", line 952, in do_execute
    cursor.execute(statement, parameters)
    ~~~~~~~~~~~~~~^^^^^^^^^^^^^^^^^^^^^^^
  File "E:\my_prog\zqgetdata\.venv\Lib\site-packages\pymysql\cursors.py", line 153, in execute
    result = self._query(query)
  File "E:\my_prog\zqgetdata\.venv\Lib\site-packages\pymysql\cursors.py", line 322, in _query
    conn.query(q)
    ~~~~~~~~~~^^^
  File "E:\my_prog\zqgetdata\.venv\Lib\site-packages\pymysql\connections.py", line 562, in query
    self._execute_command(COMMAND.COM_QUERY, sql)
    ~~~~~~~~~~~~~~~~~~~~~^^^^^^^^^^^^^^^^^^^^^^^^
  File "E:\my_prog\zqgetdata\.venv\Lib\site-packages\pymysql\connections.py", line 864, in _execute_command
    self._write_bytes(packet)
    ~~~~~~~~~~~~~~~~~^^^^^^^^
  File "E:\my_prog\zqgetdata\.venv\Lib\site-packages\pymysql\connections.py", line 809, in _write_bytes
    raise err.OperationalError(
        CR.CR_SERVER_GONE_ERROR, f"MySQL server has gone away ({e!r})"
    )
sqlalchemy.exc.OperationalError: (pymysql.err.OperationalError) (2006, "MySQL server has gone away (ConnectionAbortedError(10053, '你的主机中的软件中止了一个已建立的连接。', None, 10053, None))")
[SQL: SELECT football_pl.id AS football_pl_id, football_pl.football_id AS football_pl_football_id, football_pl.win_pl AS football_pl_win_pl, football_pl.draw_pl AS football_pl_draw_pl, football_pl.lose_pl AS football_pl_lose_pl, football_pl.rangqiu AS football_pl_rangqiu, football_pl.winpl_eu AS football_pl_winpl_eu, football_pl.drawpl_eu AS football_pl_drawpl_eu, football_pl.losepl_eu AS football_pl_losepl_eu, football_pl.goal_0 AS football_pl_goal_0, football_pl.goal_1 AS football_pl_goal_1, football_pl.goal_2 AS football_pl_goal_2, football_pl.goal_3 AS football_pl_goal_3, football_pl.goal_4 AS football_pl_goal_4, football_pl.goal_5 AS football_pl_goal_5, football_pl.goal_6 AS football_pl_goal_6, football_pl.goal_about AS football_pl_goal_about, football_pl.score_0_0 AS football_pl_score_0_0, football_pl.score_0_1 AS football_pl_score_0_1, football_pl.score_0_2 AS football_pl_score_0_2, football_pl.score_0_3 AS football_pl_score_0_3, football_pl.score_0_4 AS football_pl_score_0_4, football_pl.score_0_5 AS football_pl_score_0_5, football_pl.score_1_0 AS football_pl_score_1_0, football_pl.score_1_1 AS football_pl_score_1_1, football_pl.score_1_2 AS football_pl_score_1_2, football_pl.score_1_3 AS football_pl_score_1_3, football_pl.score_1_4 AS football_pl_score_1_4, football_pl.score_1_5 AS football_pl_score_1_5, football_pl.score_2_0 AS football_pl_score_2_0, football_pl.score_2_1 AS football_pl_score_2_1, football_pl.score_2_2 AS football_pl_score_2_2, football_pl.score_2_3 AS football_pl_score_2_3, football_pl.score_2_4 AS football_pl_score_2_4, football_pl.score_2_5 AS football_pl_score_2_5, football_pl.score_3_0 AS football_pl_score_3_0, football_pl.score_3_1 AS football_pl_score_3_1, football_pl.score_3_2 AS football_pl_score_3_2, football_pl.score_3_3 AS football_pl_score_3_3, football_pl.score_3_4 AS football_pl_score_3_4, football_pl.score_3_5 AS football_pl_score_3_5, football_pl.score_4_0 AS football_pl_score_4_0, football_pl.score_4_1 AS football_pl_score_4_1, football_pl.score_4_2 AS football_pl_score_4_2, football_pl.score_4_3 AS football_pl_score_4_3, football_pl.score_4_4 AS football_pl_score_4_4, football_pl.score_4_5 AS football_pl_score_4_5, football_pl.score_win_about AS football_pl_score_win_about, football_pl.score_lose_about AS football_pl_score_lose_about, football_pl.score_draw_about AS football_pl_score_draw_about, football_pl.created_at AS football_pl_created_at, football_pl.updated_at AS football_pl_updated_at 
FROM football_pl 
WHERE %(param_1)s = football_pl.football_id]
[parameters: {'param_1': 2}]
(Background on this error at: https://sqlalche.me/e/20/e3q8)

2026-01-21 16:42:18,220 - CustomLogger - ERROR - Error in get_gamedata:Traceback (most recent call last):
  File "E:\my_prog\zqgetdata\app\bjdc\spider_data.py", line 69, in updata_gamedata
    self._get_zjq(soup, qishu)
    ~~~~~~~~~~~~~^^^^^^^^^^^^^
  File "E:\my_prog\zqgetdata\app\bjdc\spider_data.py", line 177, in _get_zjq
    Football.matchtime > self.nowtime, Football.matchtime < endtime).all()
                                                                     ~~~^^
  File "E:\my_prog\zqgetdata\.venv\Lib\site-packages\sqlalchemy\orm\query.py", line 2704, in all
    return self._iter().all()  # type: ignore
           ~~~~~~~~~~^^
  File "E:\my_prog\zqgetdata\.venv\Lib\site-packages\sqlalchemy\orm\query.py", line 2857, in _iter
    result: Union[ScalarResult[_T], Result[_T]] = self.session.execute(
                                                  ~~~~~~~~~~~~~~~~~~~~^
        statement,
        ^^^^^^^^^^
        params,
        ^^^^^^^
        execution_options={"_sa_orm_load_options": self.load_options},
        ^^^^^^^^^^^^^^^^^^^^^^^^^^^^^^^^^^^^^^^^^^^^^^^^^^^^^^^^^^^^^^
    )
    ^
  File "E:\my_prog\zqgetdata\.venv\Lib\site-packages\sqlalchemy\orm\session.py", line 2351, in execute
    return self._execute_internal(
           ~~~~~~~~~~~~~~~~~~~~~~^
        statement,
        ^^^^^^^^^^
    ...<4 lines>...
        _add_event=_add_event,
        ^^^^^^^^^^^^^^^^^^^^^^
    )
    ^
  File "E:\my_prog\zqgetdata\.venv\Lib\site-packages\sqlalchemy\orm\session.py", line 2249, in _execute_internal
    result: Result[Any] = compile_state_cls.orm_execute_statement(
                          ~~~~~~~~~~~~~~~~~~~~~~~~~~~~~~~~~~~~~~~^
        self,
        ^^^^^
    ...<4 lines>...
        conn,
        ^^^^^
    )
    ^
  File "E:\my_prog\zqgetdata\.venv\Lib\site-packages\sqlalchemy\orm\context.py", line 306, in orm_execute_statement
    result = conn.execute(
        statement, params or {}, execution_options=execution_options
    )
  File "E:\my_prog\zqgetdata\.venv\Lib\site-packages\sqlalchemy\engine\base.py", line 1419, in execute
    return meth(
        self,
        distilled_parameters,
        execution_options or NO_OPTIONS,
    )
  File "E:\my_prog\zqgetdata\.venv\Lib\site-packages\sqlalchemy\sql\elements.py", line 527, in _execute_on_connection
    return connection._execute_clauseelement(
           ~~~~~~~~~~~~~~~~~~~~~~~~~~~~~~~~~^
        self, distilled_params, execution_options
        ^^^^^^^^^^^^^^^^^^^^^^^^^^^^^^^^^^^^^^^^^
    )
    ^
  File "E:\my_prog\zqgetdata\.venv\Lib\site-packages\sqlalchemy\engine\base.py", line 1641, in _execute_clauseelement
    ret = self._execute_context(
        dialect,
    ...<8 lines>...
        cache_hit=cache_hit,
    )
  File "E:\my_prog\zqgetdata\.venv\Lib\site-packages\sqlalchemy\engine\base.py", line 1813, in _execute_context
    conn = self._revalidate_connection()
  File "E:\my_prog\zqgetdata\.venv\Lib\site-packages\sqlalchemy\engine\base.py", line 673, in _revalidate_connection
    self._invalid_transaction()
    ~~~~~~~~~~~~~~~~~~~~~~~~~^^
  File "E:\my_prog\zqgetdata\.venv\Lib\site-packages\sqlalchemy\engine\base.py", line 663, in _invalid_transaction
    raise exc.PendingRollbackError(
    ...<4 lines>...
    )
sqlalchemy.exc.PendingRollbackError: Can't reconnect until invalid transaction is rolled back.  Please rollback() fully before proceeding (Background on this error at: https://sqlalche.me/e/20/8s2b)
,e:Can't reconnect until invalid transaction is rolled back.  Please rollback() fully before proceeding (Background on this error at: https://sqlalche.me/e/20/8s2b)
2026-01-21 16:50:27,428 - CustomLogger - ERROR - Error in get_spf:Traceback (most recent call last):
  File "E:\my_prog\zqgetdata\.venv\Lib\site-packages\pymysql\connections.py", line 782, in _read_bytes
    data = self._rfile.read(num_bytes)
  File "C:\Python313\Lib\socket.py", line 719, in readinto
    return self._sock.recv_into(b)
           ~~~~~~~~~~~~~~~~~~~~^^^
ConnectionAbortedError: [WinError 10053] 你的主机中的软件中止了一个已建立的连接。

During handling of the above exception, another exception occurred:

Traceback (most recent call last):
  File "E:\my_prog\zqgetdata\.venv\Lib\site-packages\sqlalchemy\engine\base.py", line 1967, in _exec_single_context
    self.dialect.do_execute(
    ~~~~~~~~~~~~~~~~~~~~~~~^
        cursor, str_statement, effective_parameters, context
        ^^^^^^^^^^^^^^^^^^^^^^^^^^^^^^^^^^^^^^^^^^^^^^^^^^^^
    )
    ^
  File "E:\my_prog\zqgetdata\.venv\Lib\site-packages\sqlalchemy\engine\default.py", line 952, in do_execute
    cursor.execute(statement, parameters)
    ~~~~~~~~~~~~~~^^^^^^^^^^^^^^^^^^^^^^^
  File "E:\my_prog\zqgetdata\.venv\Lib\site-packages\pymysql\cursors.py", line 153, in execute
    result = self._query(query)
  File "E:\my_prog\zqgetdata\.venv\Lib\site-packages\pymysql\cursors.py", line 322, in _query
    conn.query(q)
    ~~~~~~~~~~^^^
  File "E:\my_prog\zqgetdata\.venv\Lib\site-packages\pymysql\connections.py", line 563, in query
    self._affected_rows = self._read_query_result(unbuffered=unbuffered)
                          ~~~~~~~~~~~~~~~~~~~~~~~^^^^^^^^^^^^^^^^^^^^^^^
  File "E:\my_prog\zqgetdata\.venv\Lib\site-packages\pymysql\connections.py", line 825, in _read_query_result
    result.read()
    ~~~~~~~~~~~^^
  File "E:\my_prog\zqgetdata\.venv\Lib\site-packages\pymysql\connections.py", line 1199, in read
    first_packet = self.connection._read_packet()
  File "E:\my_prog\zqgetdata\.venv\Lib\site-packages\pymysql\connections.py", line 744, in _read_packet
    packet_header = self._read_bytes(4)
  File "E:\my_prog\zqgetdata\.venv\Lib\site-packages\pymysql\connections.py", line 788, in _read_bytes
    raise err.OperationalError(
    ...<2 lines>...
    )
pymysql.err.OperationalError: (2013, 'Lost connection to MySQL server during query ([WinError 10053] 你的主机中的软件中止了一个已建立的连接。)')

The above exception was the direct cause of the following exception:

Traceback (most recent call last):
  File "E:\my_prog\zqgetdata\app\bjdc\spider_data.py", line 276, in _get_spf
    football = localdb.query(Football).filter_by(index=qsid, dcqs=qishu).first()
  File "E:\my_prog\zqgetdata\.venv\Lib\site-packages\sqlalchemy\orm\query.py", line 2759, in first
    return self.limit(1)._iter().first()  # type: ignore
           ~~~~~~~~~~~~~~~~~~~^^
  File "E:\my_prog\zqgetdata\.venv\Lib\site-packages\sqlalchemy\orm\query.py", line 2857, in _iter
    result: Union[ScalarResult[_T], Result[_T]] = self.session.execute(
                                                  ~~~~~~~~~~~~~~~~~~~~^
        statement,
        ^^^^^^^^^^
        params,
        ^^^^^^^
        execution_options={"_sa_orm_load_options": self.load_options},
        ^^^^^^^^^^^^^^^^^^^^^^^^^^^^^^^^^^^^^^^^^^^^^^^^^^^^^^^^^^^^^^
    )
    ^
  File "E:\my_prog\zqgetdata\.venv\Lib\site-packages\sqlalchemy\orm\session.py", line 2351, in execute
    return self._execute_internal(
           ~~~~~~~~~~~~~~~~~~~~~~^
        statement,
        ^^^^^^^^^^
    ...<4 lines>...
        _add_event=_add_event,
        ^^^^^^^^^^^^^^^^^^^^^^
    )
    ^
  File "E:\my_prog\zqgetdata\.venv\Lib\site-packages\sqlalchemy\orm\session.py", line 2249, in _execute_internal
    result: Result[Any] = compile_state_cls.orm_execute_statement(
                          ~~~~~~~~~~~~~~~~~~~~~~~~~~~~~~~~~~~~~~~^
        self,
        ^^^^^
    ...<4 lines>...
        conn,
        ^^^^^
    )
    ^
  File "E:\my_prog\zqgetdata\.venv\Lib\site-packages\sqlalchemy\orm\context.py", line 306, in orm_execute_statement
    result = conn.execute(
        statement, params or {}, execution_options=execution_options
    )
  File "E:\my_prog\zqgetdata\.venv\Lib\site-packages\sqlalchemy\engine\base.py", line 1419, in execute
    return meth(
        self,
        distilled_parameters,
        execution_options or NO_OPTIONS,
    )
  File "E:\my_prog\zqgetdata\.venv\Lib\site-packages\sqlalchemy\sql\elements.py", line 527, in _execute_on_connection
    return connection._execute_clauseelement(
           ~~~~~~~~~~~~~~~~~~~~~~~~~~~~~~~~~^
        self, distilled_params, execution_options
        ^^^^^^^^^^^^^^^^^^^^^^^^^^^^^^^^^^^^^^^^^
    )
    ^
  File "E:\my_prog\zqgetdata\.venv\Lib\site-packages\sqlalchemy\engine\base.py", line 1641, in _execute_clauseelement
    ret = self._execute_context(
        dialect,
    ...<8 lines>...
        cache_hit=cache_hit,
    )
  File "E:\my_prog\zqgetdata\.venv\Lib\site-packages\sqlalchemy\engine\base.py", line 1846, in _execute_context
    return self._exec_single_context(
           ~~~~~~~~~~~~~~~~~~~~~~~~~^
        dialect, context, statement, parameters
        ^^^^^^^^^^^^^^^^^^^^^^^^^^^^^^^^^^^^^^^
    )
    ^
  File "E:\my_prog\zqgetdata\.venv\Lib\site-packages\sqlalchemy\engine\base.py", line 1986, in _exec_single_context
    self._handle_dbapi_exception(
    ~~~~~~~~~~~~~~~~~~~~~~~~~~~~^
        e, str_statement, effective_parameters, cursor, context
        ^^^^^^^^^^^^^^^^^^^^^^^^^^^^^^^^^^^^^^^^^^^^^^^^^^^^^^^
    )
    ^
  File "E:\my_prog\zqgetdata\.venv\Lib\site-packages\sqlalchemy\engine\base.py", line 2363, in _handle_dbapi_exception
    raise sqlalchemy_exception.with_traceback(exc_info[2]) from e
  File "E:\my_prog\zqgetdata\.venv\Lib\site-packages\sqlalchemy\engine\base.py", line 1967, in _exec_single_context
    self.dialect.do_execute(
    ~~~~~~~~~~~~~~~~~~~~~~~^
        cursor, str_statement, effective_parameters, context
        ^^^^^^^^^^^^^^^^^^^^^^^^^^^^^^^^^^^^^^^^^^^^^^^^^^^^
    )
    ^
  File "E:\my_prog\zqgetdata\.venv\Lib\site-packages\sqlalchemy\engine\default.py", line 952, in do_execute
    cursor.execute(statement, parameters)
    ~~~~~~~~~~~~~~^^^^^^^^^^^^^^^^^^^^^^^
  File "E:\my_prog\zqgetdata\.venv\Lib\site-packages\pymysql\cursors.py", line 153, in execute
    result = self._query(query)
  File "E:\my_prog\zqgetdata\.venv\Lib\site-packages\pymysql\cursors.py", line 322, in _query
    conn.query(q)
    ~~~~~~~~~~^^^
  File "E:\my_prog\zqgetdata\.venv\Lib\site-packages\pymysql\connections.py", line 563, in query
    self._affected_rows = self._read_query_result(unbuffered=unbuffered)
                          ~~~~~~~~~~~~~~~~~~~~~~~^^^^^^^^^^^^^^^^^^^^^^^
  File "E:\my_prog\zqgetdata\.venv\Lib\site-packages\pymysql\connections.py", line 825, in _read_query_result
    result.read()
    ~~~~~~~~~~~^^
  File "E:\my_prog\zqgetdata\.venv\Lib\site-packages\pymysql\connections.py", line 1199, in read
    first_packet = self.connection._read_packet()
  File "E:\my_prog\zqgetdata\.venv\Lib\site-packages\pymysql\connections.py", line 744, in _read_packet
    packet_header = self._read_bytes(4)
  File "E:\my_prog\zqgetdata\.venv\Lib\site-packages\pymysql\connections.py", line 788, in _read_bytes
    raise err.OperationalError(
    ...<2 lines>...
    )
sqlalchemy.exc.OperationalError: (pymysql.err.OperationalError) (2013, 'Lost connection to MySQL server during query ([WinError 10053] 你的主机中的软件中止了一个已建立的连接。)')
[SQL: SELECT football.id AS football_id, football.fid AS football_fid, football.dcqs AS football_dcqs, football.`index` AS football_index, football.matchtime AS football_matchtime, football.leaguename AS football_leaguename, football.homename AS football_homename, football.awayname AS football_awayname, football.result_statu AS football_result_statu, football.homegoal AS football_homegoal, football.awaygoal AS football_awaygoal, football.half_homegoal AS football_half_homegoal, football.half_awaygoal AS football_half_awaygoal, football.created_at AS football_created_at, football.updated_at AS football_updated_at 
FROM football 
WHERE football.`index` = %(index_1)s AND football.dcqs = %(dcqs_1)s 
 LIMIT %(param_1)s]
[parameters: {'index_1': '2', 'dcqs_1': '26017', 'param_1': 1}]
(Background on this error at: https://sqlalche.me/e/20/e3q8)

2026-01-21 22:33:39,483 - CustomLogger - ERROR - Error in get_spf:Traceback (most recent call last):
  File "E:\my_prog\zqgetdata\app\bjdc\spider_data.py", line 377, in _get_spf
    localdb.add(football)
    ~~~~~~~~~~~^^^^^^^^^^
  File "E:\my_prog\zqgetdata\app\database\db_core.py", line 70, in add
    self.session.close()
    ^^^^^^^^^^^^^^^^^^
AttributeError: 'NoneType' object has no attribute 'close'

2026-01-21 22:36:57,514 - CustomLogger - INFO - 26017期共58场比赛,本次新增35场，更新胜平负赔率36场
2026-01-21 22:41:09,072 - CustomLogger - ERROR - Error in get_zjq:Traceback (most recent call last):
  File "E:\my_prog\zqgetdata\.venv\Lib\site-packages\pymysql\connections.py", line 782, in _read_bytes
    data = self._rfile.read(num_bytes)
  File "C:\Python313\Lib\socket.py", line 719, in readinto
    return self._sock.recv_into(b)
           ~~~~~~~~~~~~~~~~~~~~^^^
ConnectionAbortedError: [WinError 10053] 你的主机中的软件中止了一个已建立的连接。

During handling of the above exception, another exception occurred:

Traceback (most recent call last):
  File "E:\my_prog\zqgetdata\.venv\Lib\site-packages\sqlalchemy\engine\base.py", line 1967, in _exec_single_context
    self.dialect.do_execute(
    ~~~~~~~~~~~~~~~~~~~~~~~^
        cursor, str_statement, effective_parameters, context
        ^^^^^^^^^^^^^^^^^^^^^^^^^^^^^^^^^^^^^^^^^^^^^^^^^^^^
    )
    ^
  File "E:\my_prog\zqgetdata\.venv\Lib\site-packages\sqlalchemy\engine\default.py", line 952, in do_execute
    cursor.execute(statement, parameters)
    ~~~~~~~~~~~~~~^^^^^^^^^^^^^^^^^^^^^^^
  File "E:\my_prog\zqgetdata\.venv\Lib\site-packages\pymysql\cursors.py", line 153, in execute
    result = self._query(query)
  File "E:\my_prog\zqgetdata\.venv\Lib\site-packages\pymysql\cursors.py", line 322, in _query
    conn.query(q)
    ~~~~~~~~~~^^^
  File "E:\my_prog\zqgetdata\.venv\Lib\site-packages\pymysql\connections.py", line 563, in query
    self._affected_rows = self._read_query_result(unbuffered=unbuffered)
                          ~~~~~~~~~~~~~~~~~~~~~~~^^^^^^^^^^^^^^^^^^^^^^^
  File "E:\my_prog\zqgetdata\.venv\Lib\site-packages\pymysql\connections.py", line 825, in _read_query_result
    result.read()
    ~~~~~~~~~~~^^
  File "E:\my_prog\zqgetdata\.venv\Lib\site-packages\pymysql\connections.py", line 1199, in read
    first_packet = self.connection._read_packet()
  File "E:\my_prog\zqgetdata\.venv\Lib\site-packages\pymysql\connections.py", line 744, in _read_packet
    packet_header = self._read_bytes(4)
  File "E:\my_prog\zqgetdata\.venv\Lib\site-packages\pymysql\connections.py", line 788, in _read_bytes
    raise err.OperationalError(
    ...<2 lines>...
    )
pymysql.err.OperationalError: (2013, 'Lost connection to MySQL server during query ([WinError 10053] 你的主机中的软件中止了一个已建立的连接。)')

The above exception was the direct cause of the following exception:

Traceback (most recent call last):
  File "E:\my_prog\zqgetdata\app\bjdc\spider_data.py", line 202, in _get_zjq
    ploffset = json.loads(getattr(match.pl_offset, keyname))
                                  ^^^^^^^^^^^^^^^
  File "E:\my_prog\zqgetdata\.venv\Lib\site-packages\sqlalchemy\orm\attributes.py", line 569, in __get__
    return self.impl.get(state, dict_)  # type: ignore[no-any-return]
           ~~~~~~~~~~~~~^^^^^^^^^^^^^^
  File "E:\my_prog\zqgetdata\.venv\Lib\site-packages\sqlalchemy\orm\attributes.py", line 1096, in get
    value = self._fire_loader_callables(state, key, passive)
  File "E:\my_prog\zqgetdata\.venv\Lib\site-packages\sqlalchemy\orm\attributes.py", line 1131, in _fire_loader_callables
    return self.callable_(state, passive)
           ~~~~~~~~~~~~~~^^^^^^^^^^^^^^^^
  File "E:\my_prog\zqgetdata\.venv\Lib\site-packages\sqlalchemy\orm\strategies.py", line 978, in _load_for_state
    return self._emit_lazyload(
           ~~~~~~~~~~~~~~~~~~~^
        session,
        ^^^^^^^^
    ...<7 lines>...
        execution_options,
        ^^^^^^^^^^^^^^^^^^
    )
    ^
  File "E:\my_prog\zqgetdata\.venv\Lib\site-packages\sqlalchemy\orm\strategies.py", line 1141, in _emit_lazyload
    result = session.execute(
        stmt, params, execution_options=execution_options
    )
  File "E:\my_prog\zqgetdata\.venv\Lib\site-packages\sqlalchemy\orm\session.py", line 2351, in execute
    return self._execute_internal(
           ~~~~~~~~~~~~~~~~~~~~~~^
        statement,
        ^^^^^^^^^^
    ...<4 lines>...
        _add_event=_add_event,
        ^^^^^^^^^^^^^^^^^^^^^^
    )
    ^
  File "E:\my_prog\zqgetdata\.venv\Lib\site-packages\sqlalchemy\orm\session.py", line 2249, in _execute_internal
    result: Result[Any] = compile_state_cls.orm_execute_statement(
                          ~~~~~~~~~~~~~~~~~~~~~~~~~~~~~~~~~~~~~~~^
        self,
        ^^^^^
    ...<4 lines>...
        conn,
        ^^^^^
    )
    ^
  File "E:\my_prog\zqgetdata\.venv\Lib\site-packages\sqlalchemy\orm\context.py", line 306, in orm_execute_statement
    result = conn.execute(
        statement, params or {}, execution_options=execution_options
    )
  File "E:\my_prog\zqgetdata\.venv\Lib\site-packages\sqlalchemy\engine\base.py", line 1419, in execute
    return meth(
        self,
        distilled_parameters,
        execution_options or NO_OPTIONS,
    )
  File "E:\my_prog\zqgetdata\.venv\Lib\site-packages\sqlalchemy\sql\elements.py", line 527, in _execute_on_connection
    return connection._execute_clauseelement(
           ~~~~~~~~~~~~~~~~~~~~~~~~~~~~~~~~~^
        self, distilled_params, execution_options
        ^^^^^^^^^^^^^^^^^^^^^^^^^^^^^^^^^^^^^^^^^
    )
    ^
  File "E:\my_prog\zqgetdata\.venv\Lib\site-packages\sqlalchemy\engine\base.py", line 1641, in _execute_clauseelement
    ret = self._execute_context(
        dialect,
    ...<8 lines>...
        cache_hit=cache_hit,
    )
  File "E:\my_prog\zqgetdata\.venv\Lib\site-packages\sqlalchemy\engine\base.py", line 1846, in _execute_context
    return self._exec_single_context(
           ~~~~~~~~~~~~~~~~~~~~~~~~~^
        dialect, context, statement, parameters
        ^^^^^^^^^^^^^^^^^^^^^^^^^^^^^^^^^^^^^^^
    )
    ^
  File "E:\my_prog\zqgetdata\.venv\Lib\site-packages\sqlalchemy\engine\base.py", line 1986, in _exec_single_context
    self._handle_dbapi_exception(
    ~~~~~~~~~~~~~~~~~~~~~~~~~~~~^
        e, str_statement, effective_parameters, cursor, context
        ^^^^^^^^^^^^^^^^^^^^^^^^^^^^^^^^^^^^^^^^^^^^^^^^^^^^^^^
    )
    ^
  File "E:\my_prog\zqgetdata\.venv\Lib\site-packages\sqlalchemy\engine\base.py", line 2363, in _handle_dbapi_exception
    raise sqlalchemy_exception.with_traceback(exc_info[2]) from e
  File "E:\my_prog\zqgetdata\.venv\Lib\site-packages\sqlalchemy\engine\base.py", line 1967, in _exec_single_context
    self.dialect.do_execute(
    ~~~~~~~~~~~~~~~~~~~~~~~^
        cursor, str_statement, effective_parameters, context
        ^^^^^^^^^^^^^^^^^^^^^^^^^^^^^^^^^^^^^^^^^^^^^^^^^^^^
    )
    ^
  File "E:\my_prog\zqgetdata\.venv\Lib\site-packages\sqlalchemy\engine\default.py", line 952, in do_execute
    cursor.execute(statement, parameters)
    ~~~~~~~~~~~~~~^^^^^^^^^^^^^^^^^^^^^^^
  File "E:\my_prog\zqgetdata\.venv\Lib\site-packages\pymysql\cursors.py", line 153, in execute
    result = self._query(query)
  File "E:\my_prog\zqgetdata\.venv\Lib\site-packages\pymysql\cursors.py", line 322, in _query
    conn.query(q)
    ~~~~~~~~~~^^^
  File "E:\my_prog\zqgetdata\.venv\Lib\site-packages\pymysql\connections.py", line 563, in query
    self._affected_rows = self._read_query_result(unbuffered=unbuffered)
                          ~~~~~~~~~~~~~~~~~~~~~~~^^^^^^^^^^^^^^^^^^^^^^^
  File "E:\my_prog\zqgetdata\.venv\Lib\site-packages\pymysql\connections.py", line 825, in _read_query_result
    result.read()
    ~~~~~~~~~~~^^
  File "E:\my_prog\zqgetdata\.venv\Lib\site-packages\pymysql\connections.py", line 1199, in read
    first_packet = self.connection._read_packet()
  File "E:\my_prog\zqgetdata\.venv\Lib\site-packages\pymysql\connections.py", line 744, in _read_packet
    packet_header = self._read_bytes(4)
  File "E:\my_prog\zqgetdata\.venv\Lib\site-packages\pymysql\connections.py", line 788, in _read_bytes
    raise err.OperationalError(
    ...<2 lines>...
    )
sqlalchemy.exc.OperationalError: (pymysql.err.OperationalError) (2013, 'Lost connection to MySQL server during query ([WinError 10053] 你的主机中的软件中止了一个已建立的连接。)')
[SQL: SELECT football_pl_offset.id AS football_pl_offset_id, football_pl_offset.football_id AS football_pl_offset_football_id, football_pl_offset.win_pl AS football_pl_offset_win_pl, football_pl_offset.draw_pl AS football_pl_offset_draw_pl, football_pl_offset.lose_pl AS football_pl_offset_lose_pl, football_pl_offset.rangqiu AS football_pl_offset_rangqiu, football_pl_offset.winpl_eu AS football_pl_offset_winpl_eu, football_pl_offset.drawpl_eu AS football_pl_offset_drawpl_eu, football_pl_offset.losepl_eu AS football_pl_offset_losepl_eu, football_pl_offset.goal_0 AS football_pl_offset_goal_0, football_pl_offset.goal_1 AS football_pl_offset_goal_1, football_pl_offset.goal_2 AS football_pl_offset_goal_2, football_pl_offset.goal_3 AS football_pl_offset_goal_3, football_pl_offset.goal_4 AS football_pl_offset_goal_4, football_pl_offset.goal_5 AS football_pl_offset_goal_5, football_pl_offset.goal_6 AS football_pl_offset_goal_6, football_pl_offset.goal_about AS football_pl_offset_goal_about, football_pl_offset.score_0_0 AS football_pl_offset_score_0_0, football_pl_offset.score_0_1 AS football_pl_offset_score_0_1, football_pl_offset.score_0_2 AS football_pl_offset_score_0_2, football_pl_offset.score_0_3 AS football_pl_offset_score_0_3, football_pl_offset.score_0_4 AS football_pl_offset_score_0_4, football_pl_offset.score_0_5 AS football_pl_offset_score_0_5, football_pl_offset.score_1_0 AS football_pl_offset_score_1_0, football_pl_offset.score_1_1 AS football_pl_offset_score_1_1, football_pl_offset.score_1_2 AS football_pl_offset_score_1_2, football_pl_offset.score_1_3 AS football_pl_offset_score_1_3, football_pl_offset.score_1_4 AS football_pl_offset_score_1_4, football_pl_offset.score_1_5 AS football_pl_offset_score_1_5, football_pl_offset.score_2_0 AS football_pl_offset_score_2_0, football_pl_offset.score_2_1 AS football_pl_offset_score_2_1, football_pl_offset.score_2_2 AS football_pl_offset_score_2_2, football_pl_offset.score_2_3 AS football_pl_offset_score_2_3, football_pl_offset.score_2_4 AS football_pl_offset_score_2_4, football_pl_offset.score_2_5 AS football_pl_offset_score_2_5, football_pl_offset.score_3_0 AS football_pl_offset_score_3_0, football_pl_offset.score_3_1 AS football_pl_offset_score_3_1, football_pl_offset.score_3_2 AS football_pl_offset_score_3_2, football_pl_offset.score_3_3 AS football_pl_offset_score_3_3, football_pl_offset.score_3_4 AS football_pl_offset_score_3_4, football_pl_offset.score_3_5 AS football_pl_offset_score_3_5, football_pl_offset.score_4_0 AS football_pl_offset_score_4_0, football_pl_offset.score_4_1 AS football_pl_offset_score_4_1, football_pl_offset.score_4_2 AS football_pl_offset_score_4_2, football_pl_offset.score_4_3 AS football_pl_offset_score_4_3, football_pl_offset.score_4_4 AS football_pl_offset_score_4_4, football_pl_offset.score_4_5 AS football_pl_offset_score_4_5, football_pl_offset.score_win_about AS football_pl_offset_score_win_about, football_pl_offset.score_lose_about AS football_pl_offset_score_lose_about, football_pl_offset.score_draw_about AS football_pl_offset_score_draw_about, football_pl_offset.created_at AS football_pl_offset_created_at, football_pl_offset.updated_at AS football_pl_offset_updated_at 
FROM football_pl_offset 
WHERE %(param_1)s = football_pl_offset.football_id]
[parameters: {'param_1': 1}]
(Background on this error at: https://sqlalche.me/e/20/e3q8)

