2026-04-03 07:59:55 - lottery_data - INFO - Test lottery log
2026-04-03 08:06:21 - lottery_data - INFO - Test lottery
2026-04-13 12:26:45 - lottery_data - INFO - 开始更新最新彩票数据...
2026-04-13 12:26:45 - lottery_data - INFO - 超级大乐透 今日数据不存在，需要获取
2026-04-13 12:26:45 - lottery_data - INFO - 排列 3 今日数据不存在，需要获取
2026-04-13 12:26:45 - lottery_data - INFO - 排列 5 今日数据不存在，需要获取
2026-04-13 12:26:45 - lottery_data - INFO - 七星彩 今日数据不存在，需要获取
2026-04-13 12:26:45 - lottery_data - INFO - 开始获取 4 个彩种数据
2026-04-13 12:26:45 - lottery_data - INFO - 开始获取超级大乐透数据...
2026-04-13 12:26:45 - lottery_data - ERROR - 获取dlt数据异常：'SportteryAPI' object has no attribute 'get_lottery_draw'
2026-04-13 12:26:45 - lottery_data - INFO - 开始获取排列 3数据...
2026-04-13 12:26:45 - lottery_data - ERROR - 获取pl3数据异常：'SportteryAPI' object has no attribute 'get_lottery_draw'
2026-04-13 12:26:45 - lottery_data - INFO - 开始获取排列 5数据...
2026-04-13 12:26:45 - lottery_data - ERROR - 获取pl5数据异常：'SportteryAPI' object has no attribute 'get_lottery_draw'
2026-04-13 12:26:45 - lottery_data - INFO - 开始获取七星彩数据...
2026-04-13 12:26:45 - lottery_data - ERROR - 获取qxc数据异常：'SportteryAPI' object has no attribute 'get_lottery_draw'
2026-04-13 12:26:45 - lottery_data - INFO - 彩票数据更新完成，成功保存 0 条记录
2026-04-14 13:58:33 - lottery_data - INFO - 开始更新最新彩票数据...
2026-04-14 13:58:33 - lottery_data - INFO - 超级大乐透 今日数据不存在，需要获取
2026-04-14 13:58:33 - lottery_data - INFO - 排列 3 今日数据不存在，需要获取
2026-04-14 13:58:33 - lottery_data - INFO - 排列 5 今日数据不存在，需要获取
2026-04-14 13:58:33 - lottery_data - INFO - 七星彩 今日数据不存在，需要获取
2026-04-14 13:58:33 - lottery_data - INFO - 开始获取 4 个彩种数据
2026-04-14 13:58:33 - lottery_data - INFO - 开始获取超级大乐透数据...
2026-04-14 13:58:33 - lottery_data - ERROR - 获取dlt数据异常：'SportteryAPI' object has no attribute 'get_lottery_draw'
2026-04-14 13:58:33 - lottery_data - INFO - 开始获取排列 3数据...
2026-04-14 13:58:33 - lottery_data - ERROR - 获取pl3数据异常：'SportteryAPI' object has no attribute 'get_lottery_draw'
2026-04-14 13:58:33 - lottery_data - INFO - 开始获取排列 5数据...
2026-04-14 13:58:33 - lottery_data - ERROR - 获取pl5数据异常：'SportteryAPI' object has no attribute 'get_lottery_draw'
2026-04-14 13:58:33 - lottery_data - INFO - 开始获取七星彩数据...
2026-04-14 13:58:33 - lottery_data - ERROR - 获取qxc数据异常：'SportteryAPI' object has no attribute 'get_lottery_draw'
2026-04-14 13:58:33 - lottery_data - INFO - 彩票数据更新完成，成功保存 0 条记录
